begin;
    create table account(
        id serial primary key,
        email varchar(255) not null
    );
    select graphql.resolve($$
    mutation createAccount($emailAddress: String) {
       xyz: upsertAccount(object: {
        email: $emailAddress
      }) {
        id
      }
    }
    $$,
    variables := '{"emailAddress": "foo@bar.com"}'::jsonb
    );
                  resolve                   
--------------------------------------------
 {"data": {"xyz": {"id": 1}}, "errors": []}
(1 row)

    select graphql.resolve($$
    mutation createAccount($acc: AccountInsertInput) {
       upsertAccount(object: $acc) {
        id
      }
    }
    $$,
    variables := '{"acc": {"email": "bar@foo.com"}}'::jsonb
    );
                       resolve                        
------------------------------------------------------
 {"data": {"upsertAccount": {"id": 2}}, "errors": []}
(1 row)

rollback;
