begin;
    create table account(
        id serial primary key,
        email varchar(255) not null unique
        to_change int not null
    );
ERROR:  syntax error at or near "to_change"
LINE 4:         to_change int not null
                ^
    insert into public.account(email, to_change)
    values
        ('aardvark@x.com', 1);
ERROR:  current transaction is aborted, commands ignored until end of transaction block
    
    select graphql.resolve($$
    mutation {
      upsertAccount(
        object: {
            email: "aardvark@x.com"
            toChange: 2
        },
        onConflict: {
            conflictFields: ["id"]
            updateFields: ["toChange"]
        }
      }) {
        email
        toChange
      }
    }
    $$);
ERROR:  current transaction is aborted, commands ignored until end of transaction block
rollback;
